Loaded 7625 entries from master_script.jsonl
Loaded reference: master_seed.wav (2004.1 KB), 848 chars
[1754/7625] Cat:B [analytical] [analytical] The dead letter queue depth indicates... (8 words) -> 1754.wav (324.0 KB) [12.3s]
[1755/7625] Cat:B [confident] [confident][emphasis] This is the most impactful o... (9 words) -> 1755.wav (296.0 KB) [11.1s]
[1756/7625] Cat:B [professional] [professional] All deliverables for the milestone ... (8 words) -> 1756.wav (212.0 KB) [8.2s]
[1757/7625] Cat:B [calm] [calm][professional] The infrastructure team has a... (7 words) -> 1757.wav (236.0 KB) [9.2s]
[1758/7625] Cat:B [analytical] [analytical][confident] The evidence strongly supp... (7 words) -> 1758.wav (236.0 KB) [9.0s]
[1759/7625] Cat:B [emphasis] [emphasis]There are NO tests for this entire modul... (8 words) -> 1759.wav (200.0 KB) [7.9s]
[1760/7625] Cat:B [confident] [confident] The rollback is a single command execu... (7 words) -> 1760.wav (260.0 KB) [10.3s]
[1761/7625] Cat:B [professional] [professional][emphasis] This is blocking three ot... (8 words) -> 1761.wav (220.0 KB) [8.6s]
[1762/7625] Cat:B [analytical] [analytical] Pod restart frequency increased 4x af... (8 words) -> 1762.wav (320.0 KB) [12.3s]
[1763/7625] Cat:B [confident] [confident][calm] We're in good shape for the dead... (7 words) -> 1763.wav (160.0 KB) [6.5s]
[1764/7625] Cat:B [calm] [calm] Disk iops are well within provisioned limit... (7 words) -> 1764.wav (276.0 KB) [10.6s]
[1765/7625] Cat:B [emphasis] [emphasis][professional] I strongly recommend we r... (7 words) -> 1765.wav (252.0 KB) [9.7s]
[1766/7625] Cat:B [analytical] [analytical][professional] The correlation between... (9 words) -> 1766.wav (284.0 KB) [10.8s]
[1767/7625] Cat:B [professional] [professional][confident] I can vouch for the thor... (9 words) -> 1767.wav (220.0 KB) [8.6s]
[1768/7625] Cat:B [calm] [calm] The health check returns 200 with a valid r... (10 words) -> 1768.wav (308.0 KB) [11.7s]
[1769/7625] Cat:B [confident] [confident][analytical] The regression test suite ... (8 words) -> 1769.wav (256.0 KB) [9.9s]
[1770/7625] Cat:B [nervous] [nervous][sigh] Let's make sure we don't skip the ... (9 words) -> 1770.wav (288.0 KB) [11.1s]
[1771/7625] Cat:B [analytical] [analytical][emphasis] Garbage collection pauses a... (7 words) -> 1771.wav (320.0 KB) [12.7s]
[1772/7625] Cat:B [professional] [professional] The incident report has been shared... (8 words) -> 1772.wav (228.0 KB) [9.0s]
[1773/7625] Cat:B [emphasis] [emphasis][calm] We need to..... take a step back ... (9 words) -> 1773.wav (292.0 KB) [11.3s]
[1774/7625] Cat:B [professional] [professional] Service dependencies are documented... (7 words) -> 1774.wav (240.0 KB) [9.4s]
[1775/7625] Cat:B [confident] [confident][professional] The performance meets al... (6 words) -> 1775.wav (260.0 KB) [10.1s]
[1776/7625] Cat:B [calm] [calm][analytical] Network throughput is tracking ... (7 words) -> 1776.wav (264.0 KB) [10.2s]
[1777/7625] Cat:B  The p50 response time holds at 12 milliseconds but... (15 words) -> 1777.wav (452.0 KB) [17.1s]
[1778/7625] Cat:B [confident] [confident] I ran the full regression suite three ... (14 words) -> 1778.wav (472.0 KB) [17.6s]
[1779/7625] Cat:B  The service catalog lists 23 active microservices ... (13 words) -> 1779.wav (460.0 KB) [17.6s]
[1780/7625] Cat:B [professional] [professional] I'd like to review the incident com... (15 words) -> 1780.wav (372.0 KB) [14.2s]
[1781/7625] Cat:B [emphasis] [emphasis] We cannot keep deploying on Fridays and... (15 words) -> 1781.wav (412.0 KB) [15.5s]
[1782/7625] Cat:B  Trace sampling at 1 percent is insufficient to cat... (14 words) -> 1782.wav (468.0 KB) [17.7s]
[1783/7625] Cat:B  I've verified the rollback procedure end to end on... (18 words) -> 1783.wav (488.0 KB) [18.4s]
[1784/7625] Cat:B  Each pod requests 500 millicores of CPU and 512 me... (19 words) -> 1784.wav (704.0 KB) [26.2s]
[1785/7625] Cat:B [calm] [calm] The overnight maintenance completed on sche... (15 words) -> 1785.wav (604.0 KB) [22.8s]
[1786/7625] Cat:B [professional] [professional] Let me bring everyone up to speed o... (18 words) -> 1786.wav (484.0 KB) [18.2s]
[1787/7625] Cat:B [emphasis] [emphasis] Our logging pipeline drops roughly 5 pe... (17 words) -> 1787.wav (568.0 KB) [21.2s]
[1788/7625] Cat:B  The connection timeout..... it was configured in s... (16 words) -> 1788.wav (484.0 KB) [18.3s]
[1789/7625] Cat:B  Interesting..... the request never..... actually r... (13 words) -> 1789.wav (488.0 KB) [18.2s]
[1790/7625] Cat:B [exhausted] [exhausted][sigh] The database connection pool is ... (25 words) -> 1790.wav (800.0 KB) [29.8s]
[1791/7625] Cat:B [confident] [confident] I've reviewed the entire changeset and... (24 words) -> 1791.wav (716.0 KB) [27.0s]
[1792/7625] Cat:B [confident] The CI pipeline currently runs in three stages. [c... (26 words) -> 1792.wav (872.0 KB) [31.9s]
[1793/7625] Cat:B [calm] [calm] The overnight batch processing completed no... (23 words) -> 1793.wav (824.0 KB) [30.0s]
[1794/7625] Cat:B [professional] [professional] I'd like to walk the team through t... (25 words) -> 1794.wav (692.0 KB) [25.3s]
[1795/7625] Cat:B [emphasis] [emphasis] The fact that we don't have any automat... (25 words) -> 1795.wav (852.0 KB) [30.9s]
[1796/7625] Cat:B [calm] [calm][gentle] So the thing is, the error only rep... (24 words) -> 1796.wav (752.0 KB) [27.4s]
[1797/7625] Cat:B  The deployment..... went out at 2 AM and we notice... (22 words) -> 1797.wav (752.0 KB) [27.4s]
[1798/7625] Cat:B [analytical] [analytical] Looking at the flame graph, about 60 ... (27 words) -> 1798.wav (936.0 KB) [33.9s]
[1799/7625] Cat:B [confident] [confident] We've already tested the failover proc... (22 words) -> 1799.wav (752.0 KB) [27.3s]
[1800/7625] Cat:B [playful] [playful][chuckle] For context, the API gateway pr... (22 words) -> 1800.wav (980.0 KB) [35.7s]
[1801/7625] Cat:B [calm] [calm] The memory leak we identified last sprint h... (26 words) -> 1801.wav (720.0 KB) [26.2s]
[1802/7625] Cat:B [professional] [professional] Before we move forward with the mig... (24 words) -> 1802.wav (676.0 KB) [24.7s]
[1803/7625] Cat:B [warm] [warm][emphasis] We're spending nearly 40 percent ... (25 words) -> 1803.wav (800.0 KB) [29.1s]
[1804/7625] Cat:B [analytical] [analytical] The distributed tracing data shows th... (24 words) -> 1804.wav (796.0 KB) [28.9s]
[1805/7625] Cat:B [confident] [confident] Based on the load testing results, I'm... (21 words) -> 1805.wav (688.0 KB) [25.2s]
[1806/7625] Cat:B [calm] [calm] The Terraform state file shows 342 managed ... (23 words) -> 1806.wav (884.0 KB) [32.1s]
[1807/7625] Cat:B [calm] [calm] Everything looks good on the monitoring sid... (25 words) -> 1807.wav (736.0 KB) [26.7s]
[1808/7625] Cat:B [professional] [professional] I've prepared a brief document outl... (25 words) -> 1808.wav (788.0 KB) [28.6s]
[1809/7625] Cat:B  The Redis cluster is running..... six nodes with t... (23 words) -> 1809.wav (888.0 KB) [32.2s]
[1810/7625] Cat:B [emphasis] [emphasis] Our test environment has been broken fo... (27 words) -> 1810.wav (804.0 KB) [29.1s]
[1811/7625] Cat:B [whisper] [whisper][surprised] Thread pool saturation on the... (23 words) -> 1811.wav (772.0 KB) [28.0s]
[1812/7625] Cat:B [confident] [confident] The new connection pooling configurati... (24 words) -> 1812.wav (700.0 KB) [25.5s]
[1813/7625] Cat:B [emphasis] The feature flag system supports both boolean togg... (22 words) -> 1813.wav (844.0 KB) [30.6s]
[1814/7625] Cat:B [calm] [calm] The certificate rotation completed without ... (20 words) -> 1814.wav (772.0 KB) [28.1s]
[1815/7625] Cat:B [professional] [professional] Let me bring everyone up to speed o... (25 words) -> 1815.wav (672.0 KB) [24.4s]
[1816/7625] Cat:B  Alright..... so when I traced the request end-to-e... (24 words) -> 1816.wav (724.0 KB) [26.3s]
[1817/7625] Cat:B [analytical] [analytical] Comparing this week's metrics to last... (24 words) -> 1817.wav (864.0 KB) [31.3s]
[1818/7625] Cat:B [confident] [confident] I've personally run the migration agai... (24 words) -> 1818.wav (744.0 KB) [27.1s]
[1819/7625] Cat:B  Our monitoring stack consists of Prometheus for me... (22 words) -> 1819.wav (876.0 KB) [32.0s]
[1820/7625] Cat:B [tender] [tender][whisper] The service has been running wit... (26 words) -> 1820.wav (864.0 KB) [31.3s]
[1821/7625] Cat:B [calm] [calm] The Kubernetes cluster upgrade went smoothl... (22 words) -> 1821.wav (772.0 KB) [28.0s]
[1822/7625] Cat:B [professional] [professional] I recommend we schedule a dedicated... (23 words) -> 1822.wav (708.0 KB) [25.8s]
[1823/7625] Cat:B  The API response..... includes a pagination cursor... (24 words) -> 1823.wav (848.0 KB) [30.7s]
[1824/7625] Cat:B [analytical] [analytical] Based on the access patterns, roughly... (27 words) -> 1824.wav (820.0 KB) [29.7s]
[1825/7625] Cat:B [confident] [confident] The distributed lock implementation ha... (21 words) -> 1825.wav (752.0 KB) [27.3s]
[1826/7625] Cat:B  We run database backups every six hours, with poin... (21 words) -> 1826.wav (784.0 KB) [28.4s]
[1827/7625] Cat:B [calm] [calm] The auto-scaling policy kicked in around 10... (27 words) -> 1827.wav (876.0 KB) [31.7s]
[1828/7625] Cat:B [professional] [professional] I'd like to propose we adopt a form... (21 words) -> 1828.wav (808.0 KB) [29.3s]
[1829/7625] Cat:B [emphasis] [emphasis] There's NO way we should be running dat... (22 words) -> 1829.wav (740.0 KB) [26.9s]
[1830/7625] Cat:B [analytical] [analytical] The storage layer is processing about... (24 words) -> 1830.wav (820.0 KB) [29.7s]
[1831/7625] Cat:B [confident] [confident] After reviewing the security scan resu... (21 words) -> 1831.wav (672.0 KB) [24.4s]
[1832/7625] Cat:B [confident] Each microservice publishes its own Swagger docume... (23 words) -> 1832.wav (848.0 KB) [30.7s]
[1833/7625] Cat:B [calm] [calm] The migration from MySQL to PostgreSQL is p... (24 words) -> 1833.wav (808.0 KB) [29.3s]
[1834/7625] Cat:B [professional] [professional] Before approving this PR, I want to... (24 words) -> 1834.wav (776.0 KB) [28.2s]
[1835/7625] Cat:B  The container image..... grew from 200 megabytes t... (24 words) -> 1835.wav (748.0 KB) [27.1s]
[1836/7625] Cat:B [analytical] [analytical] Network packet loss between the us-Ea... (20 words) -> 1836.wav (904.0 KB) [32.8s]
[1837/7625] Cat:B [confident] [confident] The new query optimizer hints reduced ... (22 words) -> 1837.wav (712.0 KB) [25.9s]
[1838/7625] Cat:B [emphasis] The deployment pipeline uses blue-green strategy f... (21 words) -> 1838.wav (888.0 KB) [32.2s]
[1839/7625] Cat:B [emphasis] [emphasis] We have a single point of failure in th... (23 words) -> 1839.wav (724.0 KB) [26.3s]
[1840/7625] Cat:B [calm] [calm] All the alerts that fired during the mainte... (20 words) -> 1840.wav (676.0 KB) [24.6s]
[1841/7625] Cat:B [professional] [professional] I've drafted an RFC for the propose... (22 words) -> 1841.wav (724.0 KB) [26.4s]
[1842/7625] Cat:B  So I was looking at the slow query log and..... th... (25 words) -> 1842.wav (672.0 KB) [24.5s]
[1843/7625] Cat:B [analytical] [analytical] The cost-per-transaction has decrease... (21 words) -> 1843.wav (812.0 KB) [29.4s]
[1844/7625] Cat:B [confident] [confident] Our observability tooling gives us ful... (22 words) -> 1844.wav (768.0 KB) [27.8s]
[1845/7625] Cat:B [gentle] [gentle] The Kafka topic has 24 partitions with a ... (25 words) -> 1845.wav (836.0 KB) [30.2s]
[1846/7625] Cat:B [calm] [calm] The hot standby database took over seamless... (22 words) -> 1846.wav (740.0 KB) [26.9s]
[1847/7625] Cat:B [professional] [professional] For the next sprint, I'm recommendi... (22 words) -> 1847.wav (648.0 KB) [23.5s]
[1848/7625] Cat:B [calm] [calm][nervous] The, thing that concerns me is tha... (24 words) -> 1848.wav (712.0 KB) [25.8s]
[1849/7625] Cat:B [emphasis] [emphasis] We deployed a change to production that... (23 words) -> 1849.wav (712.0 KB) [25.8s]
[1850/7625] Cat:B [analytical] [analytical] Examining the heap dump reveals that ... (23 words) -> 1850.wav (712.0 KB) [25.8s]
[1851/7625] Cat:B [sigh] [sigh][chuckle][confident] I've worked through eve... (22 words) -> 1851.wav (716.0 KB) [26.1s]
[1852/7625] Cat:B [emphasis] Our infrastructure-as-code repository contains mod... (19 words) -> 1852.wav (1028.0 KB) [37.0s]
[1853/7625] Cat:B [calm] [calm] The gradual rollout is at 10 percent and ho... (23 words) -> 1853.wav (700.0 KB) [25.5s]
Progress: 100/7625 (1.3%) | Success: 100 | Failed: 0 | ETA: 36h 44m
[1854/7625] Cat:B [professional] [professional] I think it's worth investing in bet... (22 words) -> 1854.wav (676.0 KB) [24.6s]
[1855/7625] Cat:B [analytical] [analytical] The time-series data shows a clear we... (21 words) -> 1855.wav (656.0 KB) [23.9s]
[1856/7625] Cat:B [confident] [confident] Having reviewed the architecture, I be... (24 words) -> 1856.wav (756.0 KB) [27.5s]
[1857/7625] Cat:B [warm] [warm] The service level objective for our core AP... (21 words) -> 1857.wav (756.0 KB) [27.4s]
[1858/7625] Cat:B [emphasis] [emphasis] The fact that our staging environment d... (19 words) -> 1858.wav (664.0 KB) [24.1s]
[1859/7625] Cat:B [calm] [calm] We merged the dependency updates last week ... (23 words) -> 1859.wav (732.0 KB) [26.6s]
[1860/7625] Cat:B [professional] [professional] Going forward, I'd suggest we imple... (22 words) -> 1860.wav (680.0 KB) [24.8s]
[1861/7625] Cat:B  Let me think about this..... the issue might actua... (22 words) -> 1861.wav (600.0 KB) [21.7s]
[1862/7625] Cat:B [analytical] [analytical] CPU throttling events on the containe... (22 words) -> 1862.wav (872.0 KB) [31.6s]
[1863/7625] Cat:B  So the error rate..... it jumped right when we hit... (23 words) -> 1863.wav (712.0 KB) [25.8s]
[1864/7625] Cat:B [confident] [confident] The rollback script has been tested ag... (21 words) -> 1864.wav (604.0 KB) [21.9s]
[1865/7625] Cat:B  We use GitHub Actions for CI, ArgoCD for continuou... (22 words) -> 1865.wav (884.0 KB) [32.0s]
[1866/7625] Cat:B [calm] [calm] The DNS cutover happened at 3 AM with a 60-... (25 words) -> 1866.wav (868.0 KB) [31.4s]
[1867/7625] Cat:B [professional] [professional] I recommend we create a shared libr... (24 words) -> 1867.wav (696.0 KB) [25.3s]
[1868/7625] Cat:B [emphasis] [emphasis] There's absolutely NO reason a simple k... (21 words) -> 1868.wav (772.0 KB) [27.9s]
[1869/7625] Cat:B [analytical] [analytical] Cross-referencing the deploy timestam... (21 words) -> 1869.wav (712.0 KB) [26.0s]
[1870/7625] Cat:B  After implementing connection pooling at the appli... (20 words) -> 1870.wav (804.0 KB) [29.2s]
[1871/7625] Cat:B [emphasis] The event-driven architecture uses SNS for fan-out... (19 words) -> 1871.wav (904.0 KB) [32.6s]
[1872/7625] Cat:B [calm] [calm] I've been monitoring the new service for a ... (24 words) -> 1872.wav (628.0 KB) [23.0s]
[1873/7625] Cat:B [professional] [professional] Let's schedule a thirty-minute revi... (23 words) -> 1873.wav (656.0 KB) [24.0s]
[1874/7625] Cat:B  The Kubernetes..... node pool has 12 nodes with 32... (22 words) -> 1874.wav (804.0 KB) [29.2s]
[1875/7625] Cat:B [sad] [sad][sigh] Half of our microservices don't have a... (19 words) -> 1875.wav (712.0 KB) [25.9s]
[1876/7625] Cat:B  The rate of cache invalidation events is 10x highe... (25 words) -> 1876.wav (752.0 KB) [27.3s]
[1877/7625] Cat:B [confident] [confident] We've implemented idempotency keys on ... (22 words) -> 1877.wav (788.0 KB) [28.6s]
[1878/7625] Cat:B [emphasis] The database schema migration follows a three-phas... (22 words) -> 1878.wav (848.0 KB) [30.8s]
[1879/7625] Cat:B [calm] [calm] Prometheus retention is set to 15 days for ... (24 words) -> 1879.wav (800.0 KB) [29.0s]
[1880/7625] Cat:B  I'd like to get everyone's opinion on whether we s... (24 words) -> 1880.wav (668.0 KB) [24.3s]
[1881/7625] Cat:B [analytical] [analytical] Request concurrency on the API server... (24 words) -> 1881.wav (1016.0 KB) [36.6s]
[1882/7625] Cat:B [analytical] [analytical] The trace shows that the third-party ... (25 words) -> 1882.wav (780.0 KB) [28.4s]
[1883/7625] Cat:B [confident] [confident] Based on the chaos testing results, ou... (21 words) -> 1883.wav (696.0 KB) [25.3s]
[1884/7625] Cat:B [confident] The release process involves cutting a branch, run... (22 words) -> 1884.wav (700.0 KB) [25.5s]
[1885/7625] Cat:B [emphasis] [emphasis] We're generating 200 gigabytes of logs ... (25 words) -> 1885.wav (820.0 KB) [29.7s]
[1886/7625] Cat:B [calm] [calm] The auto-scaling group responded to the tra... (24 words) -> 1886.wav (748.0 KB) [27.3s]
[1887/7625] Cat:B [professional] [professional] For the benefit of new team members... (24 words) -> 1887.wav (668.0 KB) [24.3s]
[1888/7625] Cat:B  Looking at the metrics..... the read-to-write rati... (23 words) -> 1888.wav (796.0 KB) [28.9s]
[1889/7625] Cat:B  The garbage collection logs reveal that full GC cy... (23 words) -> 1889.wav (904.0 KB) [32.7s]
[1890/7625] Cat:B [confident] [confident] I can guarantee that the new index won... (28 words) -> 1890.wav (804.0 KB) [29.1s]
[1891/7625] Cat:B  Our monitoring covers four golden signals: latency... (24 words) -> 1891.wav (1140.0 KB) [40.9s]
[1892/7625] Cat:B [calm] [calm] Everything passed the smoke test after depl... (24 words) -> 1892.wav (732.0 KB) [26.5s]
[1893/7625] Cat:B [professional] [professional] I want to emphasize the importance ... (21 words) -> 1893.wav (692.0 KB) [25.2s]
[1894/7625] Cat:B [emphasis] [emphasis] The database connection string is hardc... (24 words) -> 1894.wav (760.0 KB) [28.3s]
[1895/7625] Cat:B [analytical] [analytical] Correlating the CPU usage with the re... (30 words) -> 1895.wav (1076.0 KB) [40.0s]
[1896/7625] Cat:B [confident] [confident] With the new auto-scaling policy, the ... (22 words) -> 1896.wav (792.0 KB) [29.2s]
[1897/7625] Cat:B  Wait..... I just realized the timestamp in the err... (27 words) -> 1897.wav (952.0 KB) [35.1s]
[1898/7625] Cat:B [emphasis] We're running PostgreSQL 15 with logical replicati... (25 words) -> 1898.wav (864.0 KB) [32.0s]
[1899/7625] Cat:B  The dependency graph..... shows that this library ... (24 words) -> 1899.wav (812.0 KB) [29.9s]
[1900/7625] Cat:B  After enabling query plan caching, we observed a 3... (24 words) -> 1900.wav (768.0 KB) [28.4s]
[1901/7625] Cat:B [professional] [professional] Before we finalize the architecture... (23 words) -> 1901.wav (740.0 KB) [27.4s]
[1902/7625] Cat:B [emphasis] [emphasis] There's a SQL injection vulnerability i... (26 words) -> 1902.wav (708.0 KB) [26.0s]
[1903/7625] Cat:B [confident] [confident] The database sharding strategy we impl... (24 words) -> 1903.wav (800.0 KB) [28.9s]
[1904/7625] Cat:B [calm] [calm] Cluster autoscaling adjusted capacity three... (23 words) -> 1904.wav (932.0 KB) [33.6s]
[1905/7625] Cat:B [emphasis] The API rate limiter uses a sliding window algorit... (27 words) -> 1905.wav (884.0 KB) [31.9s]
[1906/7625] Cat:B [analytical] [analytical] Log analysis reveals that 70 percent ... (24 words) -> 1906.wav (876.0 KB) [31.9s]
[1907/7625] Cat:B [professional] [professional] I'd like to establish a weekly metr... (23 words) -> 1907.wav (724.0 KB) [26.4s]
[1908/7625] Cat:B  The thing is..... the cache warming strategy only ... (25 words) -> 1908.wav (836.0 KB) [30.3s]
[1909/7625] Cat:B [emphasis] [emphasis] We're running three different versions ... (21 words) -> 1909.wav (844.0 KB) [30.7s]
[1910/7625] Cat:B [confident] [confident] The new circuit breaker implementation... (23 words) -> 1910.wav (724.0 KB) [26.6s]
[1911/7625] Cat:B [surprised] [surprised] The infrastructure cost report for thi... (26 words) -> 1911.wav (904.0 KB) [32.9s]
[1912/7625] Cat:B [analytical] [analytical] Packet capture analysis shows that TL... (21 words) -> 1912.wav (792.0 KB) [28.9s]
[1913/7625] Cat:B  The deployment target is a Kubernetes cluster runn... (23 words) -> 1913.wav (864.0 KB) [31.4s]
[1914/7625] Cat:B  Hmm..... actually, looking at this more carefully,... (24 words) -> 1914.wav (852.0 KB) [31.0s]
[1915/7625] Cat:B [professional] [professional] Given the findings from the load te... (25 words) -> 1915.wav (696.0 KB) [25.4s]
[1916/7625] Cat:B  The Elasticsearch cluster..... has five data nodes... (23 words) -> 1916.wav (836.0 KB) [30.4s]
[1917/7625] Cat:B [emphasis] [emphasis] Our deployment frequency dropped from f... (23 words) -> 1917.wav (764.0 KB) [27.9s]
[1918/7625] Cat:B [analytical] [analytical] The median time between failures for ... (24 words) -> 1918.wav (716.0 KB) [26.2s]
[1919/7625] Cat:B [surprised] [surprised][confident] After extensive testing I c... (23 words) -> 1919.wav (756.0 KB) [27.5s]
[1920/7625] Cat:B [calm] [calm] The PagerDuty integration is working correc... (23 words) -> 1920.wav (740.0 KB) [26.8s]
[1921/7625] Cat:B  Our branching strategy follows GitHub Flow: featur... (25 words) -> 1921.wav (976.0 KB) [35.4s]
[1922/7625] Cat:B [professional] [professional] I think the team would benefit from... (21 words) -> 1922.wav (792.0 KB) [28.7s]
[1923/7625] Cat:B [analytical] [analytical] Resource quotas on the namespace show... (25 words) -> 1923.wav (800.0 KB) [29.0s]
[1924/7625] Cat:B [emphasis] [emphasis] The async message handler doesn't ackno... (20 words) -> 1924.wav (708.0 KB) [25.7s]
[1925/7625] Cat:B [confident] [confident] We can confidently deploy this during ... (26 words) -> 1925.wav (768.0 KB) [28.0s]
[1926/7625] Cat:B [calm] [calm] The SSL certificate auto-renewal process tr... (22 words) -> 1926.wav (792.0 KB) [28.8s]
[1927/7625] Cat:B  What's interesting is..... the latency improvement... (23 words) -> 1927.wav (864.0 KB) [31.4s]
[1928/7625] Cat:B [analytical] [analytical] The cardinality of the metrics labels... (24 words) -> 1928.wav (808.0 KB) [29.3s]
[1929/7625] Cat:B  Database connection pooling is handled by PgBounce... (22 words) -> 1929.wav (836.0 KB) [30.3s]
[1930/7625] Cat:B [professional] [professional] As part of the quarterly review, I'... (22 words) -> 1930.wav (796.0 KB) [28.9s]
[1931/7625] Cat:B  Actually..... now that I'm looking at the network ... (26 words) -> 1931.wav (744.0 KB) [27.1s]
[1932/7625] Cat:B [emphasis] [emphasis] We have 47 unresolved TODO comments in ... (25 words) -> 1932.wav (740.0 KB) [27.1s]
[1933/7625] Cat:B [analytical] [analytical] The write-ahead log is consuming disk... (25 words) -> 1933.wav (768.0 KB) [27.9s]
[1934/7625] Cat:B [confident] [confident] I've set up automated canary analysis ... (23 words) -> 1934.wav (756.0 KB) [27.7s]
[1935/7625] Cat:B [calm] [calm] The migration from Docker Swarm to Kubernet... (24 words) -> 1935.wav (736.0 KB) [26.8s]
[1936/7625] Cat:B  Error budgets are calculated monthly based on the ... (24 words) -> 1936.wav (748.0 KB) [27.2s]
[1937/7625] Cat:B  The problem is that..... the health check passes e... (26 words) -> 1937.wav (880.0 KB) [32.0s]
[1938/7625] Cat:B [analytical] [analytical] Average payload size increased from 2... (22 words) -> 1938.wav (776.0 KB) [28.2s]
[1939/7625] Cat:B [professional] [professional] I'd like to propose we implement pr... (22 words) -> 1939.wav (684.0 KB) [25.0s]
[1940/7625] Cat:B [emphasis] [emphasis] The fact that we found this bug in prod... (25 words) -> 1940.wav (668.0 KB) [24.3s]
[1941/7625] Cat:B [confident] [confident] Based on the architecture review and l... (20 words) -> 1941.wav (604.0 KB) [22.0s]
[1942/7625] Cat:B [calm] [calm] All three availability zones are healthy, r... (20 words) -> 1942.wav (696.0 KB) [25.4s]
[1943/7625] Cat:B [emphasis] The microservice communicates over gRPC with Proto... (20 words) -> 1943.wav (848.0 KB) [30.8s]
[1944/7625] Cat:B  Comparing the two approaches, the event-sourced de... (21 words) -> 1944.wav (780.0 KB) [28.4s]
[1945/7625] Cat:B  So..... the root cause was..... actually a misconf... (21 words) -> 1945.wav (820.0 KB) [29.8s]
[1946/7625] Cat:B [professional] [professional] I recommend we invest in a comprehe... (20 words) -> 1946.wav (740.0 KB) [26.9s]
[1947/7625] Cat:B  The autoscaler..... seems to be oscillating betwee... (24 words) -> 1947.wav (864.0 KB) [31.3s]
[1948/7625] Cat:B [surprised] [surprised] We're paying for 10 reserved instances... (24 words) -> 1948.wav (828.0 KB) [30.1s]
[1949/7625] Cat:B [analytical] [analytical] Network latency between our primary a... (21 words) -> 1949.wav (800.0 KB) [29.0s]
[1950/7625] Cat:B [confident] [confident] The distributed tracing implementation... (19 words) -> 1950.wav (732.0 KB) [26.7s]
[1951/7625] Cat:B [calm] [calm] Cloud costs came in under budget this quart... (25 words) -> 1951.wav (828.0 KB) [30.1s]
[1952/7625] Cat:B  The retry policy uses exponential backoff starting... (24 words) -> 1952.wav (808.0 KB) [29.4s]
[1953/7625] Cat:B  Let me summarize the key takeaways from this week'... (19 words) -> 1953.wav (552.0 KB) [20.2s]
Progress: 200/7625 (2.6%) | Success: 200 | Failed: 0 | ETA: 40h 26m
[1954/7625] Cat:B [analytical] [analytical] The p99 latency for the search endpoi... (25 words) -> 1954.wav (860.0 KB) [31.3s]
[1955/7625] Cat:B [confident] [confident][professional] Based on my analysis of ... (25 words) -> 1955.wav (748.0 KB) [27.2s]
[1956/7625] Cat:B [emphasis] [emphasis] The service has ZERO redundancy..... if... (23 words) -> 1956.wav (916.0 KB) [33.3s]
[1957/7625] Cat:B [professional] [professional][calm] The team handled the incident... (23 words) -> 1957.wav (668.0 KB) [24.3s]
[1958/7625] Cat:B [confident] [confident][analytical] After running the profiler... (23 words) -> 1958.wav (784.0 KB) [28.6s]
[1959/7625] Cat:B [professional] [professional] The architecture uses an event-driv... (22 words) -> 1959.wav (864.0 KB) [31.4s]
[1960/7625] Cat:B [analytical] [analytical][confident] The data clearly shows tha... (26 words) -> 1960.wav (844.0 KB) [30.7s]
[1961/7625] Cat:B [emphasis] [emphasis][professional] We need to prioritize the... (25 words) -> 1961.wav (764.0 KB) [27.9s]
[1962/7625] Cat:B [calm] [calm] The deployment completed without issues, al... (21 words) -> 1962.wav (720.0 KB) [26.3s]
[1963/7625] Cat:B [professional] [professional][analytical] The incident retrospect... (22 words) -> 1963.wav (820.0 KB) [29.9s]
[1964/7625] Cat:B [confident] [confident] I've reviewed the migration plan step ... (25 words) -> 1964.wav (792.0 KB) [28.9s]
[1965/7625] Cat:B [analytical] [analytical][professional] Memory profiling indica... (25 words) -> 1965.wav (856.0 KB) [31.2s]
[1966/7625] Cat:B [professional] [professional][calm] The CI pipeline runs in about... (24 words) -> 1966.wav (884.0 KB) [32.2s]
[1967/7625] Cat:B [emphasis] [emphasis][analytical] The N+1 query problem in th... (22 words) -> 1967.wav (916.0 KB) [33.4s]
[1968/7625] Cat:B [calm] [calm][professional] The gradual rollout strategy ... (26 words) -> 1968.wav (812.0 KB) [29.6s]
[1969/7625] Cat:B [professional] [professional][confident] After thorough testing a... (22 words) -> 1969.wav (716.0 KB) [26.2s]
[1970/7625] Cat:B [analytical] [analytical] The storage tier processes reads at 5... (25 words) -> 1970.wav (908.0 KB) [33.1s]
[1971/7625] Cat:B [confident] [confident][calm] We've handled similar migrations... (23 words) -> 1971.wav (636.0 KB) [23.3s]
[1972/7625] Cat:B [emphasis] [emphasis] The monitoring gap is significant.We ha... (21 words) -> 1972.wav (640.0 KB) [23.4s]
[1973/7625] Cat:B [professional] [professional] For the production readiness review... (19 words) -> 1973.wav (900.0 KB) [32.6s]
[1974/7625] Cat:B [analytical] [analytical][emphasis] Thread dump analysis reveal... (24 words) -> 1974.wav (756.0 KB) [27.6s]
[1975/7625] Cat:B [calm] [calm][analytical] Resource utilization has been s... (24 words) -> 1975.wav (916.0 KB) [33.3s]
[1976/7625] Cat:B [emphasis] [emphasis][confident] I've traced the root cause a... (27 words) -> 1976.wav (780.0 KB) [28.4s]
[1977/7625] Cat:B [confident] [confident][professional] My recommendation is to ... (24 words) -> 1977.wav (824.0 KB) [30.0s]
[1978/7625] Cat:B [analytical] [analytical] The dashboard shows that API response... (28 words) -> 1978.wav (1124.0 KB) [40.7s]
[1979/7625] Cat:B [analytical] [analytical][calm] The correlation between the jvm... (25 words) -> 1979.wav (844.0 KB) [30.8s]
[1980/7625] Cat:B [emphasis] [emphasis][professional] This is the third time th... (23 words) -> 1980.wav (768.0 KB) [28.0s]
[1981/7625] Cat:B [calm] [calm][confident] The load balancer health checks ... (22 words) -> 1981.wav (712.0 KB) [26.1s]
[1982/7625] Cat:B [confident] [confident][analytical] Benchmarking confirms that... (24 words) -> 1982.wav (844.0 KB) [30.7s]
[1983/7625] Cat:B [professional] [professional] The service publishes three types o... (24 words) -> 1983.wav (956.0 KB) [34.9s]
[1984/7625] Cat:B [analytical] [analytical][professional] Cost analysis of the th... (29 words) -> 1984.wav (996.0 KB) [36.3s]
[1985/7625] Cat:B [professional] [professional][emphasis] I want to flag that the c... (26 words) -> 1985.wav (728.0 KB) [26.6s]
[1986/7625] Cat:B [calm] [calm] The pod disruption budget ensures that at l... (26 words) -> 1986.wav (912.0 KB) [33.1s]
[1987/7625] Cat:B [confident] [confident] Our disaster recovery test last week d... (24 words) -> 1987.wav (828.0 KB) [30.3s]
[1988/7625] Cat:B [analytical] [analytical] Log volume analysis shows that debug-... (27 words) -> 1988.wav (896.0 KB) [32.6s]
[1989/7625] Cat:B [calm] [calm] We should definitely address this..... but ... (24 words) -> 1989.wav (724.0 KB) [26.4s]
[1990/7625] Cat:B [professional] [professional][calm] The infrastructure team has a... (25 words) -> 1990.wav (780.0 KB) [28.4s]
[1991/7625] Cat:B [confident] [confident] The API documentation is auto-generate... (25 words) -> 1991.wav (912.0 KB) [33.2s]
[1992/7625] Cat:B [analytical] [analytical][confident] Based on the access log an... (22 words) -> 1992.wav (800.0 KB) [29.0s]
[1993/7625] Cat:B [calm] [calm][professional] The upgrade path from version... (27 words) -> 1993.wav (748.0 KB) [27.3s]
[1994/7625] Cat:B [emphasis] [emphasis][analytical] Resource contention during ... (29 words) -> 1994.wav (1000.0 KB) [36.3s]
[1995/7625] Cat:B [professional] [professional][confident] Having reviewed the secu... (24 words) -> 1995.wav (668.0 KB) [24.4s]
[1996/7625] Cat:B [confident] [confident][professional] I've coordinated with th... (23 words) -> 1996.wav (672.0 KB) [24.4s]
[1997/7625] Cat:B [analytical] [analytical] The message queue processes approxima... (26 words) -> 1997.wav (928.0 KB) [33.6s]
[1998/7625] Cat:B [analytical] [analytical][calm] The trend in our deployment met... (27 words) -> 1998.wav (960.0 KB) [34.9s]
[1999/7625] Cat:B [calm] [calm][emphasis] I know it seems minor but, the fa... (28 words) -> 1999.wav (820.0 KB) [29.9s]
[2000/7625] Cat:B [emphasis] [emphasis][professional] The lack of structured lo... (25 words) -> 2000.wav (872.0 KB) [31.7s]
[2001/7625] Cat:B [professional] [professional][analytical] Analyzing the last 90 d... (25 words) -> 2001.wav (872.0 KB) [31.6s]
[2002/7625] Cat:B [confident] [confident] The rate limiting implementation uses ... (24 words) -> 2002.wav (944.0 KB) [34.3s]
[2003/7625] Cat:B [analytical] [analytical][professional] The cost-per-request an... (22 words) -> 2003.wav (836.0 KB) [30.5s]
[2004/7625] Cat:B [calm] [calm] Traffic routing is handled by the service m... (23 words) -> 2004.wav (792.0 KB) [29.0s]
[2005/7625] Cat:B [calm] [calm][confident] I've monitored the canary for 48... (25 words) -> 2005.wav (816.0 KB) [29.7s]
[2006/7625] Cat:B [emphasis] [emphasis] There are 14 environment-specific confi... (19 words) -> 2006.wav (796.0 KB) [28.9s]
[2007/7625] Cat:B [professional] [professional] The postmortem identified three act... (22 words) -> 2007.wav (912.0 KB) [33.1s]
[2008/7625] Cat:B [analytical] [analytical][emphasis] The query explain plan reve... (25 words) -> 2008.wav (828.0 KB) [30.0s]
[2009/7625] Cat:B [confident] [confident][analytical] Cross-referencing the depl... (23 words) -> 2009.wav (740.0 KB) [26.9s]
[2010/7625] Cat:B [professional] [professional] Our sre practices include error bud... (21 words) -> 2010.wav (872.0 KB) [31.6s]
[2011/7625] Cat:B [calm] [calm][analytical] Network metrics look healthy, i... (21 words) -> 2011.wav (844.0 KB) [30.6s]
[2012/7625] Cat:B [analytical] [analytical] When I look at the distributed tracin... (51 words) -> 2012.wav (1576.0 KB) [56.7s]
[2013/7625] Cat:B [confident] [confident] After spending three days running the ... (42 words) -> 2013.wav (1500.0 KB) [53.7s]
[2014/7625] Cat:B [emphasis] The way our deployment pipeline works is pretty st... (45 words) -> 2014.wav (1424.0 KB) [51.3s]
[2015/7625] Cat:B [calm] [calm] The overnight incident was contained fairly... (48 words) -> 2015.wav (1660.0 KB) [59.7s]
[2016/7625] Cat:B [professional] [professional] I want to take a few minutes to wal... (47 words) -> 2016.wav (1392.0 KB) [50.3s]
[2017/7625] Cat:B [emphasis] [emphasis] The fact that our test environment has ... (46 words) -> 2017.wav (1628.0 KB) [58.7s]
[2018/7625] Cat:B [emphasis] So here's what I think happened..... the cron job ... (49 words) -> 2018.wav (1556.0 KB) [56.0s]
[2019/7625] Cat:B  Comparing the query execution plans between our st... (34 words) -> 2019.wav (1088.0 KB) [39.2s]
[2020/7625] Cat:B [confident] [confident] We've been running chaos engineering e... (42 words) -> 2020.wav (1424.0 KB) [51.4s]
[2021/7625] Cat:B [confident] The monitoring architecture consists of four layer... (49 words) -> 2021.wav (2048.0 KB) [73.4s]
[2022/7625] Cat:B [calm] [calm] The team has done a really solid job this s... (42 words) -> 2022.wav (1324.0 KB) [47.8s]
[2023/7625] Cat:B [professional] [professional] Before we approve this architectura... (43 words) -> 2023.wav (1664.0 KB) [59.8s]
[2024/7625] Cat:B [emphasis] [emphasis] We have been running without proper dat... (40 words) -> 2024.wav (1140.0 KB) [41.2s]
[2025/7625] Cat:B [emphasis] The way the load balancer is configured right now.... (48 words) -> 2025.wav (1544.0 KB) [55.5s]
[2026/7625] Cat:B [analytical] [analytical] If we break down the end-to-end reque... (49 words) -> 2026.wav (1888.0 KB) [67.7s]
[2027/7625] Cat:B [confident] [confident][analytical] Based on the six months of... (45 words) -> 2027.wav (1312.0 KB) [47.4s]
[2028/7625] Cat:B  For anyone unfamiliar with the setup, each microse... (52 words) -> 2028.wav (1748.0 KB) [63.0s]
[2029/7625] Cat:B [calm] [calm] Looking at the big picture, our infrastruct... (45 words) -> 2029.wav (1412.0 KB) [50.9s]
[2030/7625] Cat:B [professional] [professional] I've been thinking about our approa... (51 words) -> 2030.wav (1504.0 KB) [55.3s]
[2031/7625] Cat:B [emphasis] The tricky part is..... when the primary database ... (50 words) -> 2031.wav (1408.0 KB) [50.9s]
[2032/7625] Cat:B [emphasis] [emphasis] We're currently spending over $40,000 a... (49 words) -> 2032.wav (1560.0 KB) [57.5s]
[2033/7625] Cat:B [analytical] [analytical] The root cause analysis traces back t... (32 words) -> 2033.wav (1200.0 KB) [44.3s]
[2034/7625] Cat:B [confident] [confident] I've thoroughly reviewed the proposed ... (51 words) -> 2034.wav (1748.0 KB) [63.9s]
[2035/7625] Cat:B [emphasis] The incident response process follows a structured... (45 words) -> 2035.wav (1532.0 KB) [56.2s]
[2036/7625] Cat:B [calm] [calm] The Kafka cluster migration went about as s... (35 words) -> 2036.wav (1196.0 KB) [44.1s]
[2037/7625] Cat:B [professional] [professional] I want to propose that we establish... (51 words) -> 2037.wav (1724.0 KB) [62.9s]
[2038/7625] Cat:B [analytical] [analytical] Memory allocation profiling over a 24... (45 words) -> 2038.wav (1524.0 KB) [54.8s]
[2039/7625] Cat:B [emphasis] [emphasis] The security audit found that our inter... (47 words) -> 2039.wav (1504.0 KB) [54.2s]
[2040/7625] Cat:B [confident] [confident] After implementing and testing the new... (45 words) -> 2040.wav (1564.0 KB) [56.1s]
[2041/7625] Cat:B [emphasis] What's happening is..... the service discovery mec... (47 words) -> 2041.wav (1548.0 KB) [55.7s]
[2042/7625] Cat:B [analytical] [analytical] The cost analysis for our three large... (45 words) -> 2042.wav (1536.0 KB) [55.3s]
[2043/7625] Cat:B [confident] The way the circuit breaker works in our system is... (45 words) -> 2043.wav (1364.0 KB) [49.1s]
[2044/7625] Cat:B [calm] [calm][gentle][calm] I reviewed the post-incident ... (51 words) -> 2044.wav (1508.0 KB) [54.3s]
[2045/7625] Cat:B [professional] [professional] Given the complexity of this migrat... (45 words) -> 2045.wav (1772.0 KB) [63.7s]
[2046/7625] Cat:B [emphasis] [emphasis] The logging infrastructure is ingesting... (48 words) -> 2046.wav (1308.0 KB) [47.4s]
[2047/7625] Cat:B [analytical] [analytical] Network flow analysis reveals that 70... (45 words) -> 2047.wav (1444.0 KB) [52.3s]
[2048/7625] Cat:B [confident] [confident] The performance optimization I impleme... (47 words) -> 2048.wav (1664.0 KB) [60.0s]
[2049/7625] Cat:B [emphasis] Let me think through this carefully..... if the pr... (39 words) -> 2049.wav (1100.0 KB) [39.9s]
[2050/7625] Cat:B [emphasis] Our infrastructure-as-code approach means that eve... (51 words) -> 2050.wav (1772.0 KB) [64.0s]
[2051/7625] Cat:B [analytical] [analytical] The database vacuum process is strugg... (48 words) -> 2051.wav (1428.0 KB) [51.8s]
[2052/7625] Cat:B [confident] [confident] I've implemented comprehensive end-to-... (43 words) -> 2052.wav (1632.0 KB) [59.0s]
[2053/7625] Cat:B [emphasis] [emphasis] Our on-call rotation has been consisten... (47 words) -> 2053.wav (1700.0 KB) [61.3s]
Progress: 300/7625 (3.9%) | Success: 300 | Failed: 0 | ETA: 47h 21m
[2054/7625] Cat:B [calm] [calm] The data center migration project is on tra... (42 words) -> 2054.wav (1660.0 KB) [59.9s]
[2055/7625] Cat:B [emphasis] The real issue is..... the retry logic doesn't hav... (49 words) -> 2055.wav (1568.0 KB) [56.8s]
[2056/7625] Cat:B [analytical] [analytical] I've been tracking the relationship b... (47 words) -> 2056.wav (1700.0 KB) [61.4s]
[2057/7625] Cat:B [professional] [professional] I'd like to establish a set of prod... (48 words) -> 2057.wav (1752.0 KB) [63.1s]
[2058/7625] Cat:B [emphasis] The way our cache invalidation works is through a ... (45 words) -> 2058.wav (1640.0 KB) [59.4s]
[2059/7625] Cat:B [confident] [confident] Given the thoroughness of our testing,... (46 words) -> 2059.wav (1436.0 KB) [51.9s]
[2060/7625] Cat:B [emphasis] [emphasis] The API gateway is processing requests ... (48 words) -> 2060.wav (1644.0 KB) [59.4s]
[2061/7625] Cat:B [analytical] [analytical] Analyzing the CPU scheduler statistic... (45 words) -> 2061.wav (1532.0 KB) [55.3s]
[2062/7625] Cat:B [calm] [calm] The team's on-call experience has improved ... (43 words) -> 2062.wav (1484.0 KB) [53.4s]
[2063/7625] Cat:B [professional] [professional] Before we finalize the budget for n... (49 words) -> 2063.wav (1688.0 KB) [60.8s]
[2064/7625] Cat:B [emphasis] What I found interesting is that..... the service ... (45 words) -> 2064.wav (1484.0 KB) [53.4s]
[2065/7625] Cat:B [emphasis] [emphasis] We have three services in production ri... (37 words) -> 2065.wav (1072.0 KB) [38.7s]
[2066/7625] Cat:B [analytical] [analytical] By correlating the application perfor... (48 words) -> 2066.wav (1696.0 KB) [61.0s]
[2067/7625] Cat:B [emphasis] The database migration follows a four-phase blue-g... (36 words) -> 2067.wav (1240.0 KB) [45.0s]
[2068/7625] Cat:B [professional] [professional] I believe the right approach here i... (49 words) -> 2068.wav (1632.0 KB) [58.7s]
[2069/7625] Cat:B [analytical] [analytical] The memory fragmentation analysis sho... (49 words) -> 2069.wav (1748.0 KB) [63.0s]
[2070/7625] Cat:B [calm] [calm] The infrastructure freeze over the holiday ... (43 words) -> 2070.wav (1572.0 KB) [56.7s]
[2071/7625] Cat:B [emphasis] [emphasis] I need to be direct about this... the w... (51 words) -> 2071.wav (1652.0 KB) [59.7s]
[2072/7625] Cat:B [emphasis] So here's my theory..... the memory leak isn't act... (42 words) -> 2072.wav (1304.0 KB) [47.2s]
[2073/7625] Cat:B [confident] [confident] Based on six months of production metr... (48 words) -> 2073.wav (1572.0 KB) [56.7s]
[2074/7625] Cat:B [emphasis] Our observability strategy covers three pillars, m... (45 words) -> 2074.wav (1744.0 KB) [62.6s]
[2075/7625] Cat:B [professional] [professional] To close out this review, I want to... (41 words) -> 2075.wav (1260.0 KB) [45.4s]
[2076/7625] Cat:B [analytical] [analytical] The trace data reveals an interesting... (45 words) -> 2076.wav (1544.0 KB) [55.6s]
[2077/7625] Cat:B [emphasis] The thing nobody's mentioned yet is that..... [emp... (44 words) -> 2077.wav (1268.0 KB) [46.0s]
[2078/7625] Cat:B [emphasis] [emphasis] Our CI pipeline has become so fragile t... (45 words) -> 2078.wav (1504.0 KB) [54.4s]
[2079/7625] Cat:B [calm] [calm] All things considered, the quarter went wel... (46 words) -> 2079.wav (1740.0 KB) [62.7s]
[2080/7625] Cat:B [analytical] [analytical] When I mapped out all the inter-servi... (45 words) -> 2080.wav (1500.0 KB) [54.0s]
[2081/7625] Cat:B [professional] [professional] As we wrap up the technical portion... (43 words) -> 2081.wav (1168.0 KB) [42.2s]
[2082/7625] Cat:B [confident] [confident] The automated canary analysis system I... (49 words) -> 2082.wav (1900.0 KB) [68.3s]
[2083/7625] Cat:B [emphasis] To summarize the architecture for anyone joining t... (48 words) -> 2083.wav (1704.0 KB) [61.2s]
[2084/7625] Cat:B [analytical] [analytical] Breaking down the incident timeline, ... (45 words) -> 2084.wav (1384.0 KB) [50.0s]
[2085/7625] Cat:B [confident] [confident][professional] After completing the mos... (50 words) -> 2085.wav (1724.0 KB) [62.1s]
[2086/7625] Cat:B [emphasis] [emphasis] The problem we're facing is that our da... (44 words) -> 2086.wav (1648.0 KB) [59.5s]
[2087/7625] Cat:B [professional] [professional][calm] The overall health of our pla... (50 words) -> 2087.wav (1432.0 KB) [51.8s]
[2088/7625] Cat:B [warm] [warm] Cross-referencing our deployment log with t... (49 words) -> 2088.wav (1600.0 KB) [57.6s]
[2089/7625] Cat:B [confident] [confident][analytical] The benchmarking data from... (49 words) -> 2089.wav (1628.0 KB) [58.4s]
[2090/7625] Cat:B [professional] [professional] For the benefit of the new team mem... (45 words) -> 2090.wav (1528.0 KB) [54.7s]
[2091/7625] Cat:B [calm] [calm][confident] Having monitored the new system ... (36 words) -> 2091.wav (1240.0 KB) [44.6s]
[2092/7625] Cat:B [analytical] [analytical][confident] After analyzing the query ... (46 words) -> 2092.wav (1560.0 KB) [56.0s]
[2093/7625] Cat:B [professional] [professional][analytical] The quarterly infrastru... (44 words) -> 2093.wav (1640.0 KB) [58.8s]
[2094/7625] Cat:B [emphasis] [emphasis][analytical] The thing that really conce... (46 words) -> 2094.wav (1640.0 KB) [58.9s]
[2095/7625] Cat:B [analytical] [analytical] The way the database replication topo... (51 words) -> 2095.wav (1740.0 KB) [62.8s]
[2096/7625] Cat:B [confident] [confident] Our observability platform now provide... (49 words) -> 2096.wav (1628.0 KB) [58.6s]
[2097/7625] Cat:B [calm] [calm][professional] Looking at where we are versu... (45 words) -> 2097.wav (1252.0 KB) [45.0s]
[2098/7625] Cat:B [analytical] [analytical] Profiling the end-to-end data pipelin... (39 words) -> 2098.wav (1448.0 KB) [52.2s]
[2099/7625] Cat:B [professional] [professional][confident] Based on the comprehensi... (47 words) -> 2099.wav (1776.0 KB) [63.8s]
[2100/7625] Cat:B [emphasis] [emphasis] What I need everyone to understand is t... (43 words) -> 2100.wav (1588.0 KB) [57.1s]
[2101/7625] Cat:B [calm] [calm] The migration from the legacy monolith to m... (46 words) -> 2101.wav (1824.0 KB) [65.3s]
[2102/7625] Cat:B [analytical] [analytical][professional] The capacity planning m... (45 words) -> 2102.wav (1540.0 KB) [55.4s]
[2103/7625] Cat:B [confident] [confident][professional] I want to assure the tea... (49 words) -> 2103.wav (1784.0 KB) [64.2s]
[2104/7625] Cat:B [emphasis] [emphasis][professional] We've reached a point whe... (34 words) -> 2104.wav (1100.0 KB) [39.7s]
[2105/7625] Cat:B [calm] [calm] To give everyone the full picture, the syst... (50 words) -> 2105.wav (1616.0 KB) [58.1s]
[2106/7625] Cat:B [analytical] [analytical][emphasis] The performance regression ... (33 words) -> 2106.wav (1132.0 KB) [40.9s]
[2107/7625] Cat:B [professional] [professional] The standard operating procedure fo... (51 words) -> 2107.wav (1932.0 KB) [69.2s]
[2108/7625] Cat:B [calm] [calm][analytical] Reviewing the past month's oper... (45 words) -> 2108.wav (1620.0 KB) [58.1s]
[2109/7625] Cat:B [confident] [confident][analytical] I've stress-tested the new... (51 words) -> 2109.wav (1904.0 KB) [68.3s]
[2110/7625] Cat:B [emphasis] [emphasis][analytical]What makes this particularly... (50 words) -> 2110.wav (1652.0 KB) [59.1s]
[2111/7625] Cat:B [professional] [professional] For the quarterly business review, ... (45 words) -> 2111.wav (1860.0 KB) [66.7s]
[2112/7625] Cat:B [analytical] [analytical][calm] The long-term trend in our infr... (45 words) -> 2112.wav (1840.0 KB) [65.8s]
[2113/7625] Cat:B [professional] [professional][emphasis] I want to flag something ... (45 words) -> 2113.wav (1388.0 KB) [49.8s]
[2114/7625] Cat:B [confident] [confident] After implementing the complete observ... (50 words) -> 2114.wav (1984.0 KB) [71.6s]
[2115/7625] Cat:B [calm] [calm][professional] To sum up today's review, the... (45 words) -> 2115.wav (1444.0 KB) [51.9s]
[2116/7625] Cat:B [analytical] [analytical][professional] Examining the correlati... (32 words) -> 2116.wav (1160.0 KB) [42.1s]
[2117/7625] Cat:B [emphasis] [emphasis][confident] After auditing the entire sy... (34 words) -> 2117.wav (1308.0 KB) [47.0s]
[2118/7625] Cat:B [analytical] [analytical] The disaster recovery architecture is... (36 words) -> 2118.wav (1308.0 KB) [47.1s]
[2119/7625] Cat:B [professional] [professional][calm] I'm pleased to report that th... (34 words) -> 2119.wav (1180.0 KB) [42.5s]
[2120/7625] Cat:B [analytical] [analytical][confident] Based on my analysis of th... (41 words) -> 2120.wav (1332.0 KB) [47.9s]
[2121/7625] Cat:B [confident] [confident][calm] Having overseen the complete mig... (45 words) -> 2121.wav (1560.0 KB) [56.0s]
[2122/7625] Cat:B [emphasis] [emphasis][professional] The bottom line is this..... (45 words) -> 2122.wav (1464.0 KB) [52.7s]
[2123/7625] Cat:B [confident] [confident] Our performance testing framework now ... (36 words) -> 2123.wav (1364.0 KB) [48.8s]
[2124/7625] Cat:B [calm] [calm][analytical] If I had to summarize the state... (37 words) -> 2124.wav (1032.0 KB) [37.2s]
[2125/7625] Cat:B [analytical] [analytical][emphasis] The worker pool throughput ... (13 words) -> 2125.wav (412.0 KB) [15.2s]
[2126/7625] Cat:B [confident] [confident] We've validated this against every edg... (10 words) -> 2126.wav (260.0 KB) [9.8s]
[2127/7625] Cat:B  The PubSub topic delivers messages to four subscri... (9 words) -> 2127.wav (336.0 KB) [12.6s]
[2128/7625] Cat:B [calm] [calm] Reindexing completed ahead of schedule, zer... (7 words) -> 2128.wav (312.0 KB) [11.6s]
[2129/7625] Cat:B [professional] [professional] Let me circle back to the capacity ... (8 words) -> 2129.wav (228.0 KB) [8.7s]
[2130/7625] Cat:B [emphasis] [emphasis] That migration script has NO dry-run mo... (7 words) -> 2130.wav (244.0 KB) [9.4s]
[2131/7625] Cat:B [analytical] [analytical] Swap usage started climbing around th... (10 words) -> 2131.wav (320.0 KB) [11.9s]
[2132/7625] Cat:B [confident] [confident] The A/B test results clearly favor the... (9 words) -> 2132.wav (336.0 KB) [12.6s]
[2133/7625] Cat:B  CloudFront serves static assets from 12 edge locat... (8 words) -> 2133.wav (336.0 KB) [12.5s]
[2134/7625] Cat:B  The build..... failed on the linting step again. (8 words) -> 2134.wav (296.0 KB) [11.1s]
[2135/7625] Cat:B [calm] [calm] Nothing unusual in the container logs from ... (9 words) -> 2135.wav (276.0 KB) [10.4s]
[2136/7625] Cat:B [professional] [professional] I'll take ownership of the follow-u... (8 words) -> 2136.wav (228.0 KB) [8.7s]
[2137/7625] Cat:B [emphasis] [emphasis] The error boundary catches NOTHING... b... (8 words) -> 2137.wav (424.0 KB) [15.7s]
[2138/7625] Cat:B [analytical] [analytical] Inode exhaustion was the cause, not d... (8 words) -> 2138.wav (280.0 KB) [10.6s]
[2139/7625] Cat:B  Hmm..... let me re-read that stack trace carefully... (8 words) -> 2139.wav (300.0 KB) [11.2s]
[2140/7625] Cat:B [confident] [confident] The backup restore test finished in un... (9 words) -> 2140.wav (280.0 KB) [10.9s]
[2141/7625] Cat:B  Five of eight staging tests passed on the first ru... (10 words) -> 2141.wav (276.0 KB) [10.8s]
[2142/7625] Cat:B [calm] [calm] The rate limiter is behaving exactly as con... (8 words) -> 2142.wav (260.0 KB) [10.7s]
[2143/7625] Cat:B [professional] [professional] I've updated the runbook with the n... (9 words) -> 2143.wav (260.0 KB) [10.3s]
[2144/7625] Cat:B  The..... socket timeout was the culprit all along. (8 words) -> 2144.wav (320.0 KB) [12.1s]
[2145/7625] Cat:B [emphasis] [emphasis] We have NO alerting on the payment proc... (9 words) -> 2145.wav (276.0 KB) [10.8s]
[2146/7625] Cat:B  The join query uses a hash strategy which is optim... (11 words) -> 2146.wav (288.0 KB) [11.5s]
[2147/7625] Cat:B [confident] [confident] I'm comfortable merging this without a... (8 words) -> 2147.wav (292.0 KB) [11.7s]
[2148/7625] Cat:B  Three environment variables control the retry beha... (7 words) -> 2148.wav (296.0 KB) [11.7s]
[2149/7625] Cat:B [calm] [calm] The replica promotion drill went as expecte... (7 words) -> 2149.wav (240.0 KB) [9.3s]
[2150/7625] Cat:B [professional] [professional] Let me document this decision for f... (8 words) -> 2150.wav (248.0 KB) [9.3s]
[2151/7625] Cat:B  One second..... I want to verify the partition cou... (9 words) -> 2151.wav (396.0 KB) [15.3s]
[2152/7625] Cat:B [emphasis] [emphasis] That stored procedure hasn't been touch... (8 words) -> 2152.wav (304.0 KB) [11.8s]
[2153/7625] Cat:B [analytical] [analytical] Context switches per second doubled a... (9 words) -> 2153.wav (376.0 KB) [15.1s]
Progress: 400/7625 (5.2%) | Success: 400 | Failed: 0 | ETA: 51h 05m
[2154/7625] Cat:B [confident] [confident] The schema diff shows only additive ch... (7 words) -> 2154.wav (244.0 KB) [9.5s]
[2155/7625] Cat:B  Disk latency..... it spiked to 40 milliseconds bri... (8 words) -> 2155.wav (392.0 KB) [14.9s]
[2156/7625] Cat:B  The canary receives 5 percent of production traffi... (8 words) -> 2156.wav (260.0 KB) [10.2s]
[2157/7625] Cat:B [calm] [calm] All nodes are reporting healthy after the r... (9 words) -> 2157.wav (268.0 KB) [10.2s]
[2158/7625] Cat:B [professional] [professional] That concludes the sprint demo port... (6 words) -> 2158.wav (204.0 KB) [8.0s]
[2159/7625] Cat:B [emphasis] [emphasis] The token expiry window is far too gene... (8 words) -> 2159.wav (260.0 KB) [10.1s]
[2160/7625] Cat:B [analytical] [analytical] Connection churn accounts for most of... (8 words) -> 2160.wav (252.0 KB) [9.8s]
[2161/7625] Cat:B [confident] [confident] Our synthetic monitors would catch tha... (9 words) -> 2161.wav (284.0 KB) [11.0s]
[2162/7625] Cat:B  The sidecar proxy handles mTLS termination transpa... (7 words) -> 2162.wav (408.0 KB) [15.5s]
[2163/7625] Cat:B  Let me look at the config one more time..... (9 words) -> 2163.wav (248.0 KB) [9.7s]
[2164/7625] Cat:B [calm] [calm] The log rotation policy is doing its job ni... (9 words) -> 2164.wav (280.0 KB) [10.8s]
[2165/7625] Cat:B  So..... the pod got OOM-killed at exactly 512 megs... (9 words) -> 2165.wav (460.0 KB) [17.6s]
[2166/7625] Cat:B [professional] [professional] I'll send out the meeting notes wit... (9 words) -> 2166.wav (236.0 KB) [9.5s]
[2167/7625] Cat:B [emphasis] [emphasis] There are dangling DNS records pointing... (9 words) -> 2167.wav (324.0 KB) [13.0s]
[2168/7625] Cat:B [analytical] [analytical] The TLS handshake is the dominant cos... (10 words) -> 2168.wav (320.0 KB) [12.5s]
[2169/7625] Cat:B [confident] [confident] We can safely drop that deprecated col... (8 words) -> 2169.wav (268.0 KB) [10.5s]
[2170/7625] Cat:B [analytical] [analytical] Mean queue depth is 1,200 messages wi... (14 words) -> 2170.wav (516.0 KB) [19.5s]
[2171/7625] Cat:B [confident] [confident][professional] The security scan came b... (9 words) -> 2171.wav (296.0 KB) [11.4s]
[2172/7625] Cat:B [calm] [calm] Both availability zones are healthy and bal... (7 words) -> 2172.wav (248.0 KB) [9.6s]
[2173/7625] Cat:B [emphasis] [emphasis][confident] I can prove this is the exac... (11 words) -> 2173.wav (268.0 KB) [10.3s]
[2174/7625] Cat:B [warm] [warm][whisper] Our uptime this month sits at 99.9... (8 words) -> 2174.wav (324.0 KB) [12.5s]
[2175/7625] Cat:B [emphasis] [emphasis] The staging database is three weeks beh... (8 words) -> 2175.wav (280.0 KB) [10.7s]
[2176/7625] Cat:B [calm] [calm][confident] The error rate has been flat at ... (11 words) -> 2176.wav (344.0 KB) [13.5s]
[2177/7625] Cat:B [confident] [confident] I've tested this migration path forwar... (8 words) -> 2177.wav (272.0 KB) [10.5s]
[2178/7625] Cat:B [calm] [calm][professional] The standby cluster is ready ... (9 words) -> 2178.wav (276.0 KB) [10.7s]
[2179/7625] Cat:B [emphasis] [emphasis][analytical] Response size variance is f... (11 words) -> 2179.wav (340.0 KB) [13.2s]
[2180/7625] Cat:B [professional] [professional][confident] I can verify that this m... (10 words) -> 2180.wav (280.0 KB) [10.8s]
[2181/7625] Cat:B [analytical] [analytical][confident] The profiling data backs u... (9 words) -> 2181.wav (252.0 KB) [9.9s]
[2182/7625] Cat:B [calm] [calm] Alerting thresholds have been recalibrated ... (9 words) -> 2182.wav (348.0 KB) [13.3s]
[2183/7625] Cat:B [calm] [calm][emphasis]We should really double-check the ... (9 words) -> 2183.wav (304.0 KB) [11.6s]
[2184/7625] Cat:B [analytical] [analytical] The write-ahead log segment size is c... (27 words) -> 2184.wav (1020.0 KB) [37.9s]
[2185/7625] Cat:B [confident] [confident] I ran a diff between the staging and p... (27 words) -> 2185.wav (776.0 KB) [28.9s]
[2186/7625] Cat:B  The alerting pipeline routes through three channel... (21 words) -> 2186.wav (824.0 KB) [31.0s]
[2187/7625] Cat:B [calm] [calm] The cache warming job completed in its usua... (25 words) -> 2187.wav (720.0 KB) [27.1s]
[2188/7625] Cat:B  I'd like to suggest we add a pre-deployment checkl... (23 words) -> 2188.wav (796.0 KB) [29.8s]
[2189/7625] Cat:B [emphasis] [emphasis] The service account key hasn't been rot... (26 words) -> 2189.wav (824.0 KB) [31.4s]
[2190/7625] Cat:B [analytical] [analytical] Correlating GC logs with the latency ... (27 words) -> 2190.wav (1060.0 KB) [39.0s]
[2191/7625] Cat:B  The horizontal scaling test proved we can add capa... (23 words) -> 2191.wav (876.0 KB) [32.1s]
[2192/7625] Cat:B  The rate limiter..... it turns out it was configur... (21 words) -> 2192.wav (796.0 KB) [29.3s]
[2193/7625] Cat:B [calm] [calm][professional] Everything settled down withi... (19 words) -> 2193.wav (552.0 KB) [20.4s]
[2194/7625] Cat:B [emphasis] The container health check probes the database, th... (22 words) -> 2194.wav (768.0 KB) [28.6s]
[2195/7625] Cat:B [emphasis] [emphasis] There is NO timeout on that downstream ... (20 words) -> 2195.wav (760.0 KB) [28.3s]
[2196/7625] Cat:B [analytical] [analytical] Analyzing the slow query log over 7 d... (25 words) -> 2196.wav (1060.0 KB) [39.2s]
[2197/7625] Cat:B  Let me check something..... I think the environmen... (23 words) -> 2197.wav (700.0 KB) [25.6s]
[2198/7625] Cat:B [surprised] [surprised] The distributed consensus protocol han... (21 words) -> 2198.wav (764.0 KB) [28.3s]
[2199/7625] Cat:B [calm] [calm] Disk usage on the logging cluster is trendi... (20 words) -> 2199.wav (584.0 KB) [21.6s]
[2200/7625] Cat:B [professional] [professional] Let me outline three options for th... (23 words) -> 2200.wav (752.0 KB) [27.8s]
[2201/7625] Cat:B  The reason it works locally but not in staging is.... (20 words) -> 2201.wav (668.0 KB) [24.7s]
[2202/7625] Cat:B [emphasis] [emphasis] We pushed directly to main without a pu... (19 words) -> 2202.wav (532.0 KB) [19.9s]
[2203/7625] Cat:B  The fanout ratio from the API gateway to backend s... (24 words) -> 2203.wav (908.0 KB) [33.5s]
[2204/7625] Cat:B  Terraform destroy is locked behind a manual approv... (20 words) -> 2204.wav (708.0 KB) [26.1s]
[2205/7625] Cat:B [confident] [confident][calm] Our synthetic monitoring covers ... (21 words) -> 2205.wav (644.0 KB) [23.9s]
[2206/7625] Cat:B [calm] [calm] The provider's status page confirmed the ne... (20 words) -> 2206.wav (620.0 KB) [23.2s]
[2207/7625] Cat:B [professional] [professional] I'll draft the architecture decisio... (16 words) -> 2207.wav (436.0 KB) [16.6s]
[2208/7625] Cat:B  Wait..... the error code 1045 is an authentication... (21 words) -> 2208.wav (708.0 KB) [26.3s]
[2209/7625] Cat:B [emphasis] [emphasis] The mutex lock acquisition is happening... (16 words) -> 2209.wav (488.0 KB) [18.4s]
[2210/7625] Cat:B [analytical] [analytical] Plotting the error rate against deplo... (23 words) -> 2210.wav (860.0 KB) [32.2s]
[2211/7625] Cat:B  The database vacuum tuning I applied last week has... (21 words) -> 2211.wav (640.0 KB) [24.0s]
[2212/7625] Cat:B [surprised] [surprised] The ingress annotation was wrong, so T... (15 words) -> 2212.wav (564.0 KB) [21.4s]
[2213/7625] Cat:B [happy] [happy][excited] Log levels are configurable at ru... (19 words) -> 2213.wav (596.0 KB) [22.4s]
[2214/7625] Cat:B [calm] [calm] The spot instance interruption handler grac... (17 words) -> 2214.wav (720.0 KB) [26.9s]
[2215/7625] Cat:B [professional] [professional] Before we merge, I'd like a second ... (25 words) -> 2215.wav (584.0 KB) [21.9s]
[2216/7625] Cat:B [emphasis] [emphasis] The entire deployment hinges on a singl... (20 words) -> 2216.wav (656.0 KB) [24.6s]
[2217/7625] Cat:B [warm] [warm] Memory pressure on the Redis cluster peaked... (22 words) -> 2217.wav (772.0 KB) [28.9s]
[2218/7625] Cat:B [confident] [confident] The new connection pool warmup strateg... (19 words) -> 2218.wav (792.0 KB) [29.4s]
[2219/7625] Cat:B [calm] [calm] Traffic has been stable all morning and the... (17 words) -> 2219.wav (480.0 KB) [18.1s]
[2220/7625] Cat:B  The Helm values..... they were overriding the reso... (15 words) -> 2220.wav (448.0 KB) [16.9s]
[2221/7625] Cat:B [professional] [professional] I recommend we tag a release candid... (20 words) -> 2221.wav (528.0 KB) [19.9s]
[2222/7625] Cat:B  Service B exposes a gRPC endpoint on port 50051 wi... (17 words) -> 2222.wav (740.0 KB) [27.6s]
[2223/7625] Cat:B [nervous] [nervous] The page cache hit ratio on the database... (22 words) -> 2223.wav (688.0 KB) [25.4s]
[2224/7625] Cat:B [emphasis] [emphasis] Somebody added a sleep call in the requ... (20 words) -> 2224.wav (512.0 KB) [19.1s]
[2225/7625] Cat:B [confident] [confident] The immutable infrastructure approach ... (20 words) -> 2225.wav (656.0 KB) [24.3s]
[2226/7625] Cat:B  Alright..... found it. The environment variable is... (21 words) -> 2226.wav (728.0 KB) [26.9s]
[2227/7625] Cat:B [calm] [calm] The node cordoning went smoothly, and [surp... (16 words) -> 2227.wav (524.0 KB) [19.5s]
[2228/7625] Cat:B [professional] [professional] For the record, I want to capture t... (20 words) -> 2228.wav (432.0 KB) [16.1s]
[2229/7625] Cat:B [analytical] [analytical] The correlation coefficient between r... (22 words) -> 2229.wav (880.0 KB) [32.4s]
[2230/7625] Cat:B [confident] [confident][professional] Based on the test result... (17 words) -> 2230.wav (552.0 KB) [20.8s]
[2231/7625] Cat:B [calm] [calm][analytical] Memory consumption has been fla... (15 words) -> 2231.wav (440.0 KB) [16.6s]
[2232/7625] Cat:B [emphasis] [emphasis] The health endpoint returns 200 even wh... (13 words) -> 2232.wav (464.0 KB) [17.5s]
[2233/7625] Cat:B [professional] [professional][calm] The change advisory board app... (14 words) -> 2233.wav (404.0 KB) [15.2s]
[2234/7625] Cat:B [analytical] [analytical][professional] Based on the error dist... (20 words) -> 2234.wav (712.0 KB) [26.6s]
[2235/7625] Cat:B [confident] [confident] The schema migration ran in 14 seconds... (19 words) -> 2235.wav (624.0 KB) [23.3s]
[2236/7625] Cat:B [calm] [calm] Prometheus is scraping 47 targets and all o... (17 words) -> 2236.wav (576.0 KB) [21.7s]
[2237/7625] Cat:B [emphasis] [emphasis][professional] We need a formal sign-off... (13 words) -> 2237.wav (392.0 KB) [15.0s]
[2238/7625] Cat:B [calm] [calm][confident] The canary has been running for ... (15 words) -> 2238.wav (420.0 KB) [16.0s]
[2239/7625] Cat:B [analytical] [analytical][emphasis] The CPU steal metric is at ... (18 words) -> 2239.wav (476.0 KB) [17.9s]
[2240/7625] Cat:B [professional] [professional] The rollback checklist has five ste... (13 words) -> 2240.wav (456.0 KB) [17.4s]
[2241/7625] Cat:B [confident] [confident][analytical] Every single metric I've c... (13 words) -> 2241.wav (488.0 KB) [18.3s]
[2242/7625] Cat:B [professional] [professional] Network policies restrict pod-to-po... (10 words) -> 2242.wav (464.0 KB) [17.4s]
[2243/7625] Cat:B [calm] [calm] Both the primary, and standby databases are... (13 words) -> 2243.wav (448.0 KB) [17.3s]
[2244/7625] Cat:B [emphasis] [emphasis][confident] I guarantee this is a thread... (17 words) -> 2244.wav (476.0 KB) [18.1s]
[2245/7625] Cat:B [analytical] [analytical][calm] TCP connection establishment ti... (12 words) -> 2245.wav (644.0 KB) [24.2s]
[2246/7625] Cat:B [professional] [professional][analytical] The quarterly slo repor... (14 words) -> 2246.wav (632.0 KB) [23.4s]
[2247/7625] Cat:B [emphasis] [emphasis]The retry count is hardcoded to infinity... (10 words) -> 2247.wav (360.0 KB) [13.5s]
[2248/7625] Cat:B [confident] [confident][calm] This is a well-understood failur... (11 words) -> 2248.wav (328.0 KB) [12.6s]
[2249/7625] Cat:B [analytical] [analytical] The object allocation rate inside the... (34 words) -> 2249.wav (1232.0 KB) [45.5s]
[2250/7625] Cat:B [nervous] [nervous][sigh] I've verified this fix against the... (23 words) -> 2250.wav (820.0 KB) [30.5s]
[2251/7625] Cat:B [confident] The data pipeline ingests events from Kafka, trans... (29 words) -> 2251.wav (892.0 KB) [33.2s]
[2252/7625] Cat:B [calm] [calm] The team velocity has been remarkably consi... (21 words) -> 2252.wav (724.0 KB) [27.0s]
[2253/7625] Cat:B [emphasis] [emphasis] The connection string has the password ... (20 words) -> 2253.wav (772.0 KB) [28.7s]
Progress: 500/7625 (6.6%) | Success: 500 | Failed: 0 | ETA: 46h 17m
[2254/7625] Cat:B [analytical] [analytical] Sampling profiler data shows that 35 ... (25 words) -> 2254.wav (768.0 KB) [28.6s]
[2255/7625] Cat:B  The thing is..... our canary pipeline only checks ... (24 words) -> 2255.wav (788.0 KB) [29.4s]
[2256/7625] Cat:B [confident] [confident] With the new observability stack in pl... (23 words) -> 2256.wav (684.0 KB) [25.2s]
[2257/7625] Cat:B [emphasis] The failover architecture provides an rpo of zero ... (21 words) -> 2257.wav (796.0 KB) [29.1s]
[2258/7625] Cat:B [calm] [calm] All the lint warnings from the dependency u... (22 words) -> 2258.wav (600.0 KB) [22.2s]
[2259/7625] Cat:B [professional] [professional] I suggest we add this scenario to o... (23 words) -> 2259.wav (628.0 KB) [23.3s]
[2260/7625] Cat:B  Actually now that I look at the network capture...... (26 words) -> 2260.wav (828.0 KB) [30.7s]
[2261/7625] Cat:B [emphasis] [emphasis] The fact that our primary... and disast... (25 words) -> 2261.wav (744.0 KB) [27.6s]
[2262/7625] Cat:B [analytical] [analytical][emphasis] Segmenting the latency data... (25 words) -> 2262.wav (988.0 KB) [36.5s]
[2263/7625] Cat:B [confident] [confident] I've load tested this endpoint at 5x t... (23 words) -> 2263.wav (776.0 KB) [29.1s]
[2264/7625] Cat:B  The message schema includes a version field that a... (23 words) -> 2264.wav (708.0 KB) [26.5s]
[2265/7625] Cat:B [calm] [calm] The gradual traffic shift from the legacy e... (27 words) -> 2265.wav (684.0 KB) [25.6s]
[2266/7625] Cat:B [professional] [professional] For the architecture review, I've p... (21 words) -> 2266.wav (800.0 KB) [29.8s]
[2267/7625] Cat:B  What's odd is..... the latency percentiles look no... (23 words) -> 2267.wav (892.0 KB) [33.2s]
[2268/7625] Cat:B [warm] [warm][whisper][emphasis] Our CI cache is being in... (24 words) -> 2268.wav (912.0 KB) [33.5s]
[2269/7625] Cat:B  The correlation between pod restart count and out-... (25 words) -> 2269.wav (864.0 KB) [31.9s]
[2270/7625] Cat:B [confident] [confident] I've implemented circuit breakers on a... (22 words) -> 2270.wav (796.0 KB) [29.2s]
[2271/7625] Cat:B [calm] [calm] DNS propagation for the new domain complete... (21 words) -> 2271.wav (744.0 KB) [27.5s]
[2272/7625] Cat:B [professional] [professional] I want to make sure we capture the ... (26 words) -> 2272.wav (700.0 KB) [26.1s]
[2273/7625] Cat:B  Horizontal pod autoscaling is configured with a ta... (25 words) -> 2273.wav (1068.0 KB) [39.7s]
[2274/7625] Cat:B [analytical] [analytical] Looking at the throughput numbers, th... (40 words) -> 2274.wav (1260.0 KB) [46.5s]
[2275/7625] Cat:B [confident] [confident][professional] I've completed the pre-l... (25 words) -> 2275.wav (1004.0 KB) [36.5s]
[2276/7625] Cat:B [calm] [calm][analytical] The weekly trend shows a gradua... (32 words) -> 2276.wav (1196.0 KB) [43.7s]
[2277/7625] Cat:B [emphasis] [emphasis] The iam role attached to the Lambda fun... (31 words) -> 2277.wav (984.0 KB) [36.4s]
[2278/7625] Cat:B [professional] [professional][calm] The migration is proceeding a... (27 words) -> 2278.wav (824.0 KB) [30.4s]
[2279/7625] Cat:B [analytical] [analytical][professional] The mean time to detect... (28 words) -> 2279.wav (892.0 KB) [32.8s]
[2280/7625] Cat:B [analytical] [analytical][confident] The A/B test data is stati... (27 words) -> 2280.wav (1120.0 KB) [41.0s]
[2281/7625] Cat:B [professional] [professional] The change management process requi... (23 words) -> 2281.wav (928.0 KB) [34.3s]
[2282/7625] Cat:B [emphasis] [emphasis][professional] I need to escalate this b... (25 words) -> 2282.wav (752.0 KB) [28.1s]
[2283/7625] Cat:B [calm] [calm][confident] The disaster recovery drill comp... (23 words) -> 2283.wav (848.0 KB) [31.5s]
[2284/7625] Cat:B [analytical] [analytical][emphasis] The disk write latency is t... (28 words) -> 2284.wav (948.0 KB) [34.5s]
[2285/7625] Cat:B [professional] [professional] The service catalog now lists every... (19 words) -> 2285.wav (752.0 KB) [27.7s]
[2286/7625] Cat:B [confident] [confident] The blue-green deployment completed wi... (23 words) -> 2286.wav (704.0 KB) [25.8s]
[2287/7625] Cat:B [calm] [calm] Pod scheduling is balanced across all three... (22 words) -> 2287.wav (640.0 KB) [23.9s]
[2288/7625] Cat:B [emphasis] [emphasis][analytical] The orphaned connections ar... (25 words) -> 2288.wav (768.0 KB) [28.6s]
[2289/7625] Cat:B [analytical] [analytical][confident] After comparing three diff... (26 words) -> 2289.wav (848.0 KB) [31.7s]
[2290/7625] Cat:B [calm] [calm][analytical] The sprint metrics show a healt... (23 words) -> 2290.wav (788.0 KB) [29.4s]
[2291/7625] Cat:B [analytical] [analytical] The batch processing pipeline runs ni... (25 words) -> 2291.wav (864.0 KB) [32.2s]
[2292/7625] Cat:B [calm] [calm][professional] The on-call handoff went smoo... (19 words) -> 2292.wav (640.0 KB) [23.9s]
[2293/7625] Cat:B [confident] [confident][professional] I've signed off on the o... (19 words) -> 2293.wav (544.0 KB) [20.5s]
[2294/7625] Cat:B [analytical] [analytical] Network bandwidth utilization between... (27 words) -> 2294.wav (896.0 KB) [33.2s]
[2295/7625] Cat:B [emphasis] [emphasis][calm] We really need to stop and think ... (22 words) -> 2295.wav (572.0 KB) [21.6s]
[2296/7625] Cat:B [confident] [confident] Every critical path in the application... (22 words) -> 2296.wav (692.0 KB) [25.9s]
[2297/7625] Cat:B [analytical] [analytical] The compaction backlog on the lsm tre... (42 words) -> 2297.wav (1308.0 KB) [47.6s]
[2298/7625] Cat:B [confident] [confident] Having run the complete disaster recov... (38 words) -> 2298.wav (1372.0 KB) [50.2s]
[2299/7625] Cat:B [emphasis] The way blue-green deployments work in our setup i... (53 words) -> 2299.wav (1516.0 KB) [56.1s]
[2300/7625] Cat:B [calm] [calm] The migration of 200 million records from t... (40 words) -> 2300.wav (1296.0 KB) [48.2s]
[2301/7625] Cat:B [professional] [professional] I want to propose a new standard fo... (38 words) -> 2301.wav (1444.0 KB) [53.3s]
[2302/7625] Cat:B [gentle] [gentle] The problem is compounding... every time ... (40 words) -> 2302.wav (1328.0 KB) [48.5s]
[2303/7625] Cat:B [analytical] [analytical] Tracing the lifecycle of a single req... (48 words) -> 2303.wav (1616.0 KB) [59.9s]
[2304/7625] Cat:B [confident] [confident] The capacity planning exercise I compl... (41 words) -> 2304.wav (1480.0 KB) [55.2s]
[2305/7625] Cat:B [concerned] The issue is subtle..... the connection pool repor... (51 words) -> 2305.wav (1708.0 KB) [61.8s]
[2306/7625] Cat:B [concerned] Our production support model has three tiers, tier... (50 words) -> 2306.wav (1884.0 KB) [68.4s]
[2307/7625] Cat:B [calm] [calm] The quarterly security scan completed witho... (33 words) -> 2307.wav (1168.0 KB) [42.8s]
[2308/7625] Cat:B [professional] [professional] Looking ahead to next quarter, I'd ... (43 words) -> 2308.wav (1500.0 KB) [54.7s]
[2309/7625] Cat:B [emphasis] [emphasis] We spent 40 hours of engineering time l... (44 words) -> 2309.wav (1388.0 KB) [50.7s]
[2310/7625] Cat:B [analytical] [analytical] The distribution of request latencies... (55 words) -> 2310.wav (1892.0 KB) [69.7s]
[2311/7625] Cat:B [confident] [confident] I've validated the entire end-to-end f... (38 words) -> 2311.wav (1460.0 KB) [53.2s]
[2312/7625] Cat:B [emphasis] Actually hold on..... the timestamp on this log en... (43 words) -> 2312.wav (1240.0 KB) [46.1s]
[2313/7625] Cat:B [professional] [professional] I think the most productive use of ... (47 words) -> 2313.wav (1356.0 KB) [50.1s]
[2314/7625] Cat:B [calm] [calm] The data lake migration is now fully comple... (40 words) -> 2314.wav (1240.0 KB) [45.9s]
[2315/7625] Cat:B [analytical] [analytical] Examining the thread dump captured du... (40 words) -> 2315.wav (1368.0 KB) [50.7s]
[2316/7625] Cat:B [emphasis] [emphasis] There is NO automated testing whatsoeve... (46 words) -> 2316.wav (1420.0 KB) [52.4s]
[2317/7625] Cat:B [confident] [confident] Having run the full battery of perform... (36 words) -> 2317.wav (1388.0 KB) [50.8s]
[2318/7625] Cat:B [confident] The autoscaling policy operates on a predictive mo... (39 words) -> 2318.wav (1296.0 KB) [47.6s]
[2319/7625] Cat:B [professional] [professional] To wrap up this architecture discus... (46 words) -> 2319.wav (1448.0 KB) [53.4s]
[2320/7625] Cat:B [analytical] [analytical] The end-to-end trace breakdown shows ... (48 words) -> 2320.wav (1720.0 KB) [63.6s]
[2321/7625] Cat:B [confident] [confident][professional] After three weeks of pro... (41 words) -> 2321.wav (1280.0 KB) [47.4s]
[2322/7625] Cat:B [calm] [calm][analytical] The infrastructure costs have b... (43 words) -> 2322.wav (1420.0 KB) [52.6s]
[2323/7625] Cat:B [emphasis] [emphasis][professional] I need to raise this as a... (45 words) -> 2323.wav (1344.0 KB) [49.8s]
[2324/7625] Cat:B [professional] [professional][analytical] The post-incident analy... (48 words) -> 2324.wav (1732.0 KB) [63.9s]
[2325/7625] Cat:B [analytical] [analytical][confident] After running a month-long... (38 words) -> 2325.wav (1368.0 KB) [49.9s]
[2326/7625] Cat:B [calm] [calm] The complete request lifecycle looks like t... (36 words) -> 2326.wav (1236.0 KB) [45.3s]
[2327/7625] Cat:B [emphasis] [emphasis][analytical]What's particularly alarming... (41 words) -> 2327.wav (1268.0 KB) [46.4s]
[2328/7625] Cat:B [calm] [calm][professional] Overall I'm pleased with how ... (32 words) -> 2328.wav (1172.0 KB) [43.6s]
[2329/7625] Cat:B [confident] [confident][analytical] The database benchmarking ... (38 words) -> 2329.wav (1380.0 KB) [51.3s]
[2330/7625] Cat:B [professional] [professional] The incident communication template... (36 words) -> 2330.wav (1400.0 KB) [51.9s]
[2331/7625] Cat:B [analytical] [analytical][professional] Modeling the cost impac... (46 words) -> 2331.wav (1620.0 KB) [60.0s]
[2332/7625] Cat:B [emphasis] [emphasis][confident] After spending a full week a... (40 words) -> 2332.wav (1604.0 KB) [59.4s]
[2333/7625] Cat:B [analytical] [analytical] The storage tier uses a tiered approa... (47 words) -> 2333.wav (1712.0 KB) [63.5s]
[2334/7625] Cat:B [calm] [calm] The gradual database migration has been run... (37 words) -> 2334.wav (1208.0 KB) [45.2s]
[2335/7625] Cat:B [sigh] [sigh][warm] Our automated compliance scanning now... (39 words) -> 2335.wav (1492.0 KB) [55.2s]
[2336/7625] Cat:B [professional] [professional][confident] I've conducted a thoroug... (31 words) -> 2336.wav (1144.0 KB) [42.0s]
[2337/7625] Cat:B [analytical] [analytical][emphasis] The memory leak is subtle b... (47 words) -> 2337.wav (1556.0 KB) [57.3s]
[2338/7625] Cat:B [confident] [confident][calm] Having watched the system handle... (35 words) -> 2338.wav (1372.0 KB) [51.1s]
[2339/7625] Cat:B [professional] [professional] The data governance framework requi... (38 words) -> 2339.wav (1440.0 KB) [53.2s]
[2340/7625] Cat:B [emphasis] [emphasis] The problem is NOT just that the test i... (38 words) -> 2340.wav (1212.0 KB) [44.0s]
[2341/7625] Cat:B [analytical] [analytical][calm] Resource utilization across the... (35 words) -> 2341.wav (1260.0 KB) [46.2s]
[2342/7625] Cat:B [professional] [professional][analytical] The trend analysis I've... (42 words) -> 2342.wav (1668.0 KB) [61.9s]
[2343/7625] Cat:B [confident] [confident][professional] Based on the evidence fr... (33 words) -> 2343.wav (1184.0 KB) [43.4s]
[2344/7625] Cat:B [calm] [calm][analytical] The long-term storage cost proj... (45 words) -> 2344.wav (1572.0 KB) [57.1s]
[2345/7625] Cat:B [analytical] [analytical] OpenTelemetry span data reveals a hid... (11 words) -> 2345.wav (376.0 KB) [14.1s]
[2346/7625] Cat:B [confident] [confident] Zero regressions surfaced during the 4... (8 words) -> 2346.wav (308.0 KB) [11.7s]
[2347/7625] Cat:B  The pod security policy enforces non-root executio... (10 words) -> 2347.wav (360.0 KB) [13.4s]
[2348/7625] Cat:B [calm] [calm] The nightly etl job finished with all rows ... (10 words) -> 2348.wav (308.0 KB) [11.7s]
[2349/7625] Cat:B [professional] [professional] I'd like everyone to review the RFC... (11 words) -> 2349.wav (260.0 KB) [9.9s]
[2350/7625] Cat:B [emphasis] [emphasis] That error is being silently swallowed ... (10 words) -> 2350.wav (276.0 KB) [10.5s]
[2351/7625] Cat:B  The CORS header..... it's set to wildcard in produ... (9 words) -> 2351.wav (388.0 KB) [14.6s]
[2352/7625] Cat:B  Let me trace the request by its correlation id. (9 words) -> 2352.wav (252.0 KB) [9.5s]
[2353/7625] Cat:B [analytical] [analytical] Read iops are tracking 20 percent abo... (11 words) -> 2353.wav (416.0 KB) [15.7s]
Progress: 600/7625 (7.9%) | Success: 600 | Failed: 0 | ETA: 47h 28m
[2354/7625] Cat:B [confident] [confident] I've personally verified the rollback ... (10 words) -> 2354.wav (308.0 KB) [11.7s]
[2355/7625] Cat:B  The namespace quota allows a maximum of 40 pods an... (14 words) -> 2355.wav (408.0 KB) [15.5s]
[2356/7625] Cat:B [calm] [calm] The certificate chain validated correctly a... (9 words) -> 2356.wav (360.0 KB) [13.5s]
[2357/7625] Cat:B [professional] [professional] I suggest we defer this to a dedica... (10 words) -> 2357.wav (280.0 KB) [10.6s]
[2358/7625] Cat:B [emphasis] [emphasis] The logging library is allocating a new... (10 words) -> 2358.wav (264.0 KB) [10.1s]
[2359/7625] Cat:B [analytical] [analytical] Syn flood mitigation engaged twice du... (9 words) -> 2359.wav (340.0 KB) [13.0s]
[2360/7625] Cat:B [confident] [confident] This is the cleanest diff I've seen in... (10 words) -> 2360.wav (272.0 KB) [10.6s]
[2361/7625] Cat:B  The Envoy proxy..... it's injecting an extra 3 mil... (11 words) -> 2361.wav (476.0 KB) [18.0s]
[2362/7625] Cat:B  Vault auto-unseals using a cloud kms key stored in... (12 words) -> 2362.wav (432.0 KB) [16.4s]
[2363/7625] Cat:B [calm] [calm] Garbage collection settled into a predictab... (8 words) -> 2363.wav (348.0 KB) [13.2s]
[2364/7625] Cat:B [professional] [professional] I'll send a summary to the stakehol... (10 words) -> 2364.wav (276.0 KB) [10.8s]
[2365/7625] Cat:B  Hold on..... that timestamp doesn't match the serv... (9 words) -> 2365.wav (356.0 KB) [13.7s]
[2366/7625] Cat:B [emphasis] [emphasis] The init container is pulling a 3 gigab... (13 words) -> 2366.wav (412.0 KB) [15.7s]
[2367/7625] Cat:B [analytical] [analytical] Packet retransmission rate rose to 1.... (11 words) -> 2367.wav (404.0 KB) [15.5s]
[2368/7625] Cat:B [confident] [confident] I've verified every assertion in the t... (11 words) -> 2368.wav (308.0 KB) [11.8s]
[2369/7625] Cat:B  Argo Rollouts manages the canary weight progressio... (8 words) -> 2369.wav (324.0 KB) [12.2s]
[2370/7625] Cat:B [calm] [calm] The cluster control plane version upgrade c... (10 words) -> 2370.wav (396.0 KB) [14.8s]
[2371/7625] Cat:B  The..... keepalive interval mismatch caused the co... (8 words) -> 2371.wav (348.0 KB) [13.2s]
[2372/7625] Cat:B [professional] [professional] Let's park this discussion and pick... (12 words) -> 2372.wav (304.0 KB) [11.4s]
[2373/7625] Cat:B [emphasis] [emphasis] That column has NO default value and al... (12 words) -> 2373.wav (364.0 KB) [13.8s]
[2374/7625] Cat:B [analytical] [analytical] The hot key distribution follows a Zi... (21 words) -> 2374.wav (588.0 KB) [22.0s]
[2375/7625] Cat:B [confident] [confident] Our canary criteria are strict enough ... (14 words) -> 2375.wav (496.0 KB) [18.5s]
[2376/7625] Cat:B [confident] [confident][analytical] The load test data clearly... (24 words) -> 2376.wav (824.0 KB) [30.4s]
[2377/7625] Cat:B [playful] [playful][chuckle] Every item on the production re... (12 words) -> 2377.wav (400.0 KB) [15.1s]
[2378/7625] Cat:B [calm] [calm][confident] The quarterly review went well a... (13 words) -> 2378.wav (412.0 KB) [15.7s]
[2379/7625] Cat:B [emphasis] [emphasis][analytical] Connection pool starvation ... (13 words) -> 2379.wav (428.0 KB) [16.3s]
[2380/7625] Cat:B [professional] [professional] I've documented the decision ration... (13 words) -> 2380.wav (444.0 KB) [16.9s]
[2381/7625] Cat:B [analytical] [analytical] The 95th percentile write latency is ... (15 words) -> 2381.wav (544.0 KB) [20.6s]
[2382/7625] Cat:B [confident] [confident] The automated test suite covers all cr... (13 words) -> 2382.wav (468.0 KB) [17.5s]
[2383/7625] Cat:B [calm] [calm] Network policy enforcement is active and va... (11 words) -> 2383.wav (508.0 KB) [19.0s]
[2384/7625] Cat:B [emphasis] [emphasis][confident] I've reproduced this bug det... (14 words) -> 2384.wav (456.0 KB) [17.2s]
[2385/7625] Cat:B [professional] [professional][analytical] Error categorization sh... (18 words) -> 2385.wav (628.0 KB) [23.2s]
[2386/7625] Cat:B [confident] [confident][calm] The performance baseline is esta... (12 words) -> 2386.wav (396.0 KB) [15.2s]
[2387/7625] Cat:B [analytical] [analytical][professional] Mean time between failu... (14 words) -> 2387.wav (472.0 KB) [17.7s]
[2388/7625] Cat:B [analytical] [analytical] Read replica lag correlates tightly w... (13 words) -> 2388.wav (428.0 KB) [16.2s]
[2389/7625] Cat:B [calm] [calm][emphasis]I'd feel a lot better if we ran th... (16 words) -> 2389.wav (404.0 KB) [15.4s]
[2390/7625] Cat:B [professional] [professional][confident] I'm comfortable giving t... (13 words) -> 2390.wav (332.0 KB) [12.8s]
[2391/7625] Cat:B [emphasis] [emphasis][analytical] The API returns a 200 for E... (12 words) -> 2391.wav (408.0 KB) [15.3s]
[2392/7625] Cat:B [analytical] [analytical][calm] Disk throughput metrics are ste... (12 words) -> 2392.wav (560.0 KB) [21.0s]
[2393/7625] Cat:B [confident] [confident][analytical] After bisecting through 40... (14 words) -> 2393.wav (464.0 KB) [17.8s]
[2394/7625] Cat:B [calm] [calm][analytical] The trend over the past six wee... (17 words) -> 2394.wav (560.0 KB) [20.6s]
[2395/7625] Cat:B [professional] [professional][emphasis] This vulnerability has a ... (17 words) -> 2395.wav (552.0 KB) [20.4s]
[2396/7625] Cat:B [calm] [calm] The init container completes in 2 seconds a... (21 words) -> 2396.wav (600.0 KB) [22.2s]
[2397/7625] Cat:B [emphasis] [emphasis][professional] I cannot stress enough ho... (18 words) -> 2397.wav (432.0 KB) [16.0s]
[2398/7625] Cat:B [analytical] [analytical] The producer throughput saturates at ... (34 words) -> 2398.wav (1140.0 KB) [41.6s]
[2399/7625] Cat:B  I've thoroughly exercised every code path in the e... (31 words) -> 2399.wav (1184.0 KB) [43.5s]
[2400/7625] Cat:B [emphasis] The deployment process has four gates: automated t... (38 words) -> 2400.wav (1212.0 KB) [45.2s]
[2401/7625] Cat:B [gentle] [gentle][calm] The cross-account backup replicatio... (29 words) -> 2401.wav (892.0 KB) [34.3s]
[2402/7625] Cat:B [emphasis] [emphasis] Every request that hits the search endp... (37 words) -> 2402.wav (1144.0 KB) [42.4s]
[2403/7625] Cat:B  The root cause turned out to be..... a race condit... (32 words) -> 2403.wav (1032.0 KB) [39.1s]
[2404/7625] Cat:B [analytical] [analytical] Examining the system call trace revea... (37 words) -> 2404.wav (1372.0 KB) [50.9s]
[2405/7625] Cat:B [happy] [happy][chuckle] The new architecture has been val... (39 words) -> 2405.wav (1332.0 KB) [48.8s]
[2406/7625] Cat:B [emphasis] The secret management flow works as follows: devel... (45 words) -> 2406.wav (1652.0 KB) [61.1s]
[2407/7625] Cat:B [calm] [calm] The annual disaster recovery test concluded... (36 words) -> 2407.wav (1468.0 KB) [54.5s]
[2408/7625] Cat:B [emphasis] I'd like to close this meeting by reiterating the ... (48 words) -> 2408.wav (1604.0 KB) [59.9s]
[2409/7625] Cat:B [emphasis] [emphasis] The auto-scaling configuration has a cr... (42 words) -> 2409.wav (1536.0 KB) [56.6s]
[2410/7625] Cat:B [analytical] [analytical][confident] After instrumenting the ho... (42 words) -> 2410.wav (1480.0 KB) [54.9s]
[2411/7625] Cat:B [confident] [confident][professional] Having completed the sec... (32 words) -> 2411.wav (1304.0 KB) [48.8s]
[2412/7625] Cat:B [calm] [calm][analytical] The infrastructure health dashb... (36 words) -> 2412.wav (1472.0 KB) [55.3s]